// Jest Snapshot v1, https://goo.gl/fbAQLP

exports[`<Posts /> Should match snapshot 1`] = `
<div
  class="posts"
>
  <div
    class="post"
  >
    1
    <picture
      class="post-image"
    >
      <img
        alt="any_title_1"
        src="any_photo_1"
      />
    </picture>
    <div
      class="post-content"
    >
      <h1>
        any_title_1
      </h1>
      <p>
        Description: 
        any_body_1
      </p>
    </div>
  </div>
  <div
    class="post"
  >
    2
    <picture
      class="post-image"
    >
      <img
        alt="any_title_2"
        src="any_photo_2"
      />
    </picture>
    <div
      class="post-content"
    >
      <h1>
        any_title_2
      </h1>
      <p>
        Description: 
        any_body_2
      </p>
    </div>
  </div>
  <button
    class="button"
  >
    Load more Posts
  </button>
</div>
`;

exports[`<Posts /> Should render <Posts /> 1`] = `
<div
  class="posts"
>
  <div
    class="post"
  >
    1
    <picture
      class="post-image"
    >
      <img
        alt="any_title_1"
        src="any_photo_1"
      />
    </picture>
    <div
      class="post-content"
    >
      <h1>
        any_title_1
      </h1>
      <p>
        Description: 
        any_body_1
      </p>
    </div>
  </div>
  <div
    class="post"
  >
    2
    <picture
      class="post-image"
    >
      <img
        alt="any_title_2"
        src="any_photo_2"
      />
    </picture>
    <div
      class="post-content"
    >
      <h1>
        any_title_2
      </h1>
      <p>
        Description: 
        any_body_2
      </p>
    </div>
  </div>
  <button
    class="button"
  >
    Load more Posts
  </button>
</div>
`;
