// Jest Snapshot v1, https://goo.gl/fbAQLP

exports[`<Home /> Should match snapshot 1`] = `
<div
  class="container"
>
  <div
    class="search-container"
  >
    <input
      class="search-input"
      placeholder="Type to look for something"
      type="text"
      value=""
    />
  </div>
  <div
    class="posts"
  />
  <button
    class="button"
    disabled=""
  >
    Load more Posts
  </button>
  <span>
    There is not anything :(
  </span>
</div>
`;
